Total Number of Sets      : 8
Number of Surviving Sets  : 2

Total Surrogate Train Time :        0.359 s
Total Exploration Time     :        0.012 s
Total Search Time          :        1.561 s
Number of Cores Used       :           12

Train time and score of each Surrogate:
       obj    0.0962(s)     1.0000
      con2    0.1262(s)     1.0000
      con1    0.1369(s)     1.0000

Search time and f_evals of each Set:
         2    0.4113(s)
         4    1.1492(s)